// Jest Snapshot v1, https://goo.gl/fbAQLP

exports[`CrmSearchForm renders the component 1`] = `
<div class="q-field row no-wrap items-start q-input q-field--standard q-field--float">
  <div class="q-field__inner relative-position col self-stretch column justify-center">
    <div tabindex="-1" class="q-field__control relative-position row no-wrap">
      <div class="q-field__control-container col relative-position row no-wrap q-anchor--skip"><input tabindex="0" placeholder="Search Area" type="text" class="q-field__native q-placeholder search-form__input"></div>
      <div class="q-field__append q-field__marginal row no-wrap items-center"><button tabindex="0" type="button" class="q-btn inline q-btn-item non-selectable search-form__submit-button q-btn--standard q-btn--rectangle q-focusable q-hoverable">
          <div tabindex="-1" class="q-focus-helper"></div>
          <div class="q-btn__content text-center col items-center q-anchor--skip justify-center row"></div>
        </button></div>
    </div>
  </div>
</div>
`;
